literal full 200
missing length DecodeFailed
short string DecodeFailed
outside start DecodeFailed
wrapped length DecodeFailed
borrowed literal 200
offset block 200
continued full 200
short integer DecodeFailed
huffman full 200
short huffman DecodeFailed
huffman needs storage DecodeFailed
huffman range DecodeFailed
filtered connection: close 0
filtered Connection: close 0
filtered CONTENT-LENGTH: 9 0
filtered Transfer-Encoding: chunked 0
allowed names agree true
